// Vitest Snapshot v1, https://vitest.dev/guide/snapshot.html

exports[`ColorSchemeSwitcher > should render properly 1`] = `
<div>
  {"colorScheme":"light"}
  <button>
    CHANGE
  </button>
</div>
`;
